Archive member included to satisfy reference by file (symbol)

C:/avr/bin/../lib/gcc/avr/14.1.0/avr5\libgcc.a(_divmodhi4.o)
                              bin/debug/src/adChooser.o (__divmodhi4)
C:/avr/bin/../lib/gcc/avr/14.1.0/avr5\libgcc.a(_exit.o)
                              C:/avr/bin/../lib/gcc/avr/14.1.0/../../../../avr/lib/avr5/crtatmega328p.o (exit)
C:/avr/bin/../lib/gcc/avr/14.1.0/avr5\libgcc.a(_copy_data.o)
                              bin/debug/src/company.o (__do_copy_data)
C:/avr/bin/../lib/gcc/avr/14.1.0/avr5\libgcc.a(_udivmodhi4.o)
                              C:/avr/bin/../lib/gcc/avr/14.1.0/avr5\libgcc.a(_divmodhi4.o) (__udivmodhi4)
C:/avr/bin/../lib/gcc/avr/14.1.0/../../../../avr/lib/avr5\libc.a(rand.o)
                              bin/debug/src/adChooser.o (rand)
C:/avr/bin/../lib/gcc/avr/14.1.0/../../../../avr/lib/avr5\libc.a(memmove.o)
                              bin/debug/src/character.o (memmove)
C:/avr/bin/../lib/gcc/avr/14.1.0/../../../../avr/lib/avr5\libc.a(strcmp.o)
                              bin/debug/src/message.o (strcmp)
C:/avr/bin/../lib/gcc/avr/14.1.0/../../../../avr/lib/avr5\libc.a(strcpy.o)
                              bin/debug/src/company.o (strcpy)
C:/avr/bin/../lib/gcc/avr/14.1.0/../../../../avr/lib/avr5\libc.a(memcpy.o)
                              C:/avr/bin/../lib/gcc/avr/14.1.0/../../../../avr/lib/avr5\libc.a(memmove.o) (memcpy)
C:/avr/bin/../lib/gcc/avr/14.1.0/avr5\libgcc.a(_divmodsi4.o)
                              C:/avr/bin/../lib/gcc/avr/14.1.0/../../../../avr/lib/avr5\libc.a(rand.o) (__divmodsi4)
C:/avr/bin/../lib/gcc/avr/14.1.0/avr5\libgcc.a(_negsi2.o)
                              C:/avr/bin/../lib/gcc/avr/14.1.0/avr5\libgcc.a(_divmodsi4.o) (__negsi2)
C:/avr/bin/../lib/gcc/avr/14.1.0/avr5\libgcc.a(_muluhisi3.o)
                              C:/avr/bin/../lib/gcc/avr/14.1.0/../../../../avr/lib/avr5\libc.a(rand.o) (__muluhisi3)
C:/avr/bin/../lib/gcc/avr/14.1.0/avr5\libgcc.a(_mulshisi3.o)
                              C:/avr/bin/../lib/gcc/avr/14.1.0/../../../../avr/lib/avr5\libc.a(rand.o) (__mulohisi3)
C:/avr/bin/../lib/gcc/avr/14.1.0/avr5\libgcc.a(_udivmodsi4.o)
                              C:/avr/bin/../lib/gcc/avr/14.1.0/avr5\libgcc.a(_divmodsi4.o) (__udivmodsi4)
C:/avr/bin/../lib/gcc/avr/14.1.0/avr5\libgcc.a(_umulhisi3.o)
                              C:/avr/bin/../lib/gcc/avr/14.1.0/avr5\libgcc.a(_muluhisi3.o) (__umulhisi3)

There are no discarded input sections

Memory Configuration

Name             Origin             Length             Attributes
text             0x00000000         0x00008000         xr
data             0x00800100         0x00000800         rw!x
eeprom           0x00810000         0x00000400         rw!x
fuse             0x00820000         0x00000003         rw!x
lock             0x00830000         0x00000400         rw!x
signature        0x00840000         0x00000400         rw!x
user_signatures  0x00850000         0x00000400         rw!x
*default*        0x00000000         0xffffffff

Linker script and memory map

Address of section .data set to 0x800100
LOAD C:/avr/bin/../lib/gcc/avr/14.1.0/../../../../avr/lib/avr5/crtatmega328p.o
LOAD bin/debug/main.o
LOAD bin/debug/src/adChooser.o
LOAD bin/debug/src/company.o
LOAD bin/debug/src/lcd.o
LOAD bin/debug/src/message.o
LOAD bin/debug/src/messages.o
LOAD bin/debug/src/utils.o
LOAD bin/debug/src/character.o
LOAD C:/avr/bin/../lib/gcc/avr/14.1.0/avr5\libgcc.a
LOAD C:/avr/bin/../lib/gcc/avr/14.1.0/../../../../avr/lib/avr5\libm.a
START GROUP
LOAD C:/avr/bin/../lib/gcc/avr/14.1.0/avr5\libgcc.a
LOAD C:/avr/bin/../lib/gcc/avr/14.1.0/../../../../avr/lib/avr5\libm.a
LOAD C:/avr/bin/../lib/gcc/avr/14.1.0/../../../../avr/lib/avr5\libc.a
LOAD C:/avr/bin/../lib/gcc/avr/14.1.0/../../../../avr/lib/avr5\libatmega328p.a
END GROUP
                [0x00000000]                      __TEXT_REGION_ORIGIN__ = DEFINED (__TEXT_REGION_ORIGIN__)?__TEXT_REGION_ORIGIN__:0x0
                [0x00008000]                      __TEXT_REGION_LENGTH__ = DEFINED (__TEXT_REGION_LENGTH__)?__TEXT_REGION_LENGTH__:0x20000
                [0x00800100]                      __DATA_REGION_ORIGIN__ = DEFINED (__DATA_REGION_ORIGIN__)?__DATA_REGION_ORIGIN__:0x800060
                [0x00000800]                      __DATA_REGION_LENGTH__ = DEFINED (__DATA_REGION_LENGTH__)?__DATA_REGION_LENGTH__:0xffa0
                [0x00000400]                      __EEPROM_REGION_LENGTH__ = DEFINED (__EEPROM_REGION_LENGTH__)?__EEPROM_REGION_LENGTH__:0x10000
                [0x00000003]                      __FUSE_REGION_LENGTH__ = DEFINED (__FUSE_REGION_LENGTH__)?__FUSE_REGION_LENGTH__:0x400
                0x00000400                        __LOCK_REGION_LENGTH__ = DEFINED (__LOCK_REGION_LENGTH__)?__LOCK_REGION_LENGTH__:0x400
                0x00000400                        __SIGNATURE_REGION_LENGTH__ = DEFINED (__SIGNATURE_REGION_LENGTH__)?__SIGNATURE_REGION_LENGTH__:0x400
                0x00000400                        __USER_SIGNATURE_REGION_LENGTH__ = DEFINED (__USER_SIGNATURE_REGION_LENGTH__)?__USER_SIGNATURE_REGION_LENGTH__:0x400

.hash
 *(.hash)

.dynsym
 *(.dynsym)

.dynstr
 *(.dynstr)

.gnu.version
 *(.gnu.version)

.gnu.version_d
 *(.gnu.version_d)

.gnu.version_r
 *(.gnu.version_r)

.rel.init
 *(.rel.init)

.rela.init
 *(.rela.init)

.rel.text
 *(.rel.text)
 *(.rel.text.*)
 *(.rel.gnu.linkonce.t*)

.rela.text
 *(.rela.text)
 *(.rela.text.*)
 *(.rela.gnu.linkonce.t*)

.rel.fini
 *(.rel.fini)

.rela.fini
 *(.rela.fini)

.rel.rodata
 *(.rel.rodata)
 *(.rel.rodata.*)
 *(.rel.gnu.linkonce.r*)

.rela.rodata
 *(.rela.rodata)
 *(.rela.rodata.*)
 *(.rela.gnu.linkonce.r*)

.rel.data
 *(.rel.data)
 *(.rel.data.*)
 *(.rel.gnu.linkonce.d*)

.rela.data
 *(.rela.data)
 *(.rela.data.*)
 *(.rela.gnu.linkonce.d*)

.rel.ctors
 *(.rel.ctors)

.rela.ctors
 *(.rela.ctors)

.rel.dtors
 *(.rel.dtors)

.rela.dtors
 *(.rela.dtors)

.rel.got
 *(.rel.got)

.rela.got
 *(.rela.got)

.rel.bss
 *(.rel.bss)

.rela.bss
 *(.rela.bss)

.rel.plt
 *(.rel.plt)

.rela.plt
 *(.rela.plt)

.text           0x00000000      0xf54
 *(.vectors)
 .vectors       0x00000000       0x68 C:/avr/bin/../lib/gcc/avr/14.1.0/../../../../avr/lib/avr5/crtatmega328p.o
                0x00000000                __vector_default
                0x00000000                __vectors
 *(.vectors)
 *(.progmem.gcc*)
                0x00000068                        . = ALIGN (0x2)
                0x00000068                        __trampolines_start = .
 *(.trampolines)
 .trampolines   0x00000068        0x0 linker stubs
 *(.trampolines*)
                0x00000068                        __trampolines_end = .
 *libprintf_flt.a:*(.progmem.data)
 *libc.a:*(.progmem.data)
 *(.progmem.*)
                0x00000068                        . = ALIGN (0x2)
 *(.lowtext)
 *(.lowtext*)
                0x00000068                        __ctors_start = .
 *(.ctors)
                0x00000068                        __ctors_end = .
                0x00000068                        __dtors_start = .
 *(.dtors)
                0x00000068                        __dtors_end = .
 SORT_BY_NAME(*)(.ctors)
 SORT_BY_NAME(*)(.dtors)
 *(.init0)
 .init0         0x00000068        0x0 C:/avr/bin/../lib/gcc/avr/14.1.0/../../../../avr/lib/avr5/crtatmega328p.o
                0x00000068                __init
 *(.init0)
 *(.init1)
 *(.init1)
 *(.init2)
 .init2         0x00000068        0xc C:/avr/bin/../lib/gcc/avr/14.1.0/../../../../avr/lib/avr5/crtatmega328p.o
 *(.init2)
 *(.init3)
 *(.init3)
 *(.init4)
 .init4         0x00000074       0x16 C:/avr/bin/../lib/gcc/avr/14.1.0/avr5\libgcc.a(_copy_data.o)
                0x00000074                __do_copy_data
 *(.init4)
 *(.init5)
 *(.init5)
 *(.init6)
 *(.init6)
 *(.init7)
 *(.init7)
 *(.init8)
 *(.init8)
 *(.init9)
 .init9         0x0000008a        0x8 C:/avr/bin/../lib/gcc/avr/14.1.0/../../../../avr/lib/avr5/crtatmega328p.o
 *(.init9)
 *(.text)
 .text          0x00000092        0x4 C:/avr/bin/../lib/gcc/avr/14.1.0/../../../../avr/lib/avr5/crtatmega328p.o
                0x00000092                __vector_22
                0x00000092                __vector_1
                0x00000092                __vector_24
                0x00000092                __vector_12
                0x00000092                __bad_interrupt
                0x00000092                __vector_6
                0x00000092                __vector_3
                0x00000092                __vector_23
                0x00000092                __vector_25
                0x00000092                __vector_11
                0x00000092                __vector_13
                0x00000092                __vector_17
                0x00000092                __vector_19
                0x00000092                __vector_7
                0x00000092                __vector_5
                0x00000092                __vector_4
                0x00000092                __vector_9
                0x00000092                __vector_2
                0x00000092                __vector_21
                0x00000092                __vector_15
                0x00000092                __vector_8
                0x00000092                __vector_14
                0x00000092                __vector_10
                0x00000092                __vector_16
                0x00000092                __vector_18
                0x00000092                __vector_20
 .text          0x00000096        0x0 bin/debug/main.o
 .text          0x00000096      0x158 bin/debug/src/adChooser.o
                0x00000096                AdChooser::AdChooser()
                0x00000096                AdChooser::AdChooser()
                0x000000a2                AdChooser::chooseNextCompany(CompaniesPROGMEM const*)
                0x0000017c                AdChooser::chooseNextMessage(Company*)
                0x000001d8                AdChooser::setCurrentCompanyIndex(char)
                0x000001e6                AdChooser::getCurrentCompanyIndex()
 .text          0x000001ee      0x2ba bin/debug/src/company.o
                0x000001ee                init_companies()
                0x00000204                Company::setName(char*)
                0x0000020c                Company::Company()
                0x0000020c                Company::Company()
                0x00000230                Company::setPayment(int)
                0x00000238                Company::createMessages(char*)
                0x0000036a                Company::Company(char*, int, char*)
                0x0000036a                Company::Company(char*, int, char*)
                0x000003b6                Company::Company(CompanyPROGMEM)
                0x000003b6                Company::Company(CompanyPROGMEM)
                0x00000442                Company::getName()
                0x00000444                Company::getPayment()
                0x0000044c                Company::getMessages()
                0x0000045e                Company::getLogo()
 .text          0x000004a8      0x680 bin/debug/src/lcd.o
                0x000004a8                HD44780::OutNibble(unsigned char)
                0x000004de                HD44780::WriteCommand(unsigned char)
                0x00000510                HD44780::GoTo(unsigned char, unsigned char)
                0x00000520                HD44780::Clear()
                0x00000534                HD44780::Home()
                0x00000548                HD44780::Write(unsigned char)
                0x0000056c                HD44780::WriteData(unsigned char)
                0x00000576                HD44780::WriteText(char const*)
                0x000005c6                HD44780::BlinkText(char const*)
                0x00000626                HD44780::Slide(char const*, unsigned char)
                0x00000788                HD44780::CreateChar(unsigned char, unsigned char*)
                0x000007ca                HD44780::Initialize()
                0x000008f0                HD44780::HD44780()
                0x000008f0                HD44780::HD44780()
                0x000008fe                HD44780::WriteCompany(Company*)
                0x000009e8                HD44780::ShowAd(Company*, int)
 .text          0x00000b28       0x90 bin/debug/src/message.o
                0x00000b28                Message::Message()
                0x00000b28                Message::Message()
                0x00000b2e                Message::setText(char const*)
                0x00000b36                Message::setEffect(char const*)
                0x00000b8a                Message::Message(char const*, char*)
                0x00000b8a                Message::Message(char const*, char*)
                0x00000bae                Message::getText()
                0x00000bb0                Message::getEffect()
 .text          0x00000bb8       0x82 bin/debug/src/messages.o
                0x00000bb8                Messages::Messages()
                0x00000bb8                Messages::Messages()
                0x00000be0                Messages::addMessage(Message)
                0x00000c16                Messages::getMessage(int)
                0x00000c28                Messages::getMessages()
                0x00000c2a                Messages::getSize()
 .text          0x00000c3a       0x66 bin/debug/src/utils.o
                0x00000c3a                setup_seed()
 .text          0x00000ca0       0x16 bin/debug/src/character.o
                0x00000ca0                Character::Character()
                0x00000ca0                Character::Character()
                0x00000cac                Character::Character(unsigned char*)
                0x00000cac                Character::Character(unsigned char*)
                0x00000cb4                Character::getBitMap()
 .text          0x00000cb6        0x0 C:/avr/bin/../lib/gcc/avr/14.1.0/avr5\libgcc.a(_divmodhi4.o)
 .text          0x00000cb6        0x0 C:/avr/bin/../lib/gcc/avr/14.1.0/avr5\libgcc.a(_exit.o)
 .text          0x00000cb6        0x0 C:/avr/bin/../lib/gcc/avr/14.1.0/avr5\libgcc.a(_copy_data.o)
 .text          0x00000cb6        0x0 C:/avr/bin/../lib/gcc/avr/14.1.0/avr5\libgcc.a(_udivmodhi4.o)
 .text          0x00000cb6        0x0 C:/avr/bin/../lib/gcc/avr/14.1.0/../../../../avr/lib/avr5\libc.a(rand.o)
 .text          0x00000cb6        0x0 C:/avr/bin/../lib/gcc/avr/14.1.0/../../../../avr/lib/avr5\libc.a(memmove.o)
 .text          0x00000cb6        0x0 C:/avr/bin/../lib/gcc/avr/14.1.0/../../../../avr/lib/avr5\libc.a(strcmp.o)
 .text          0x00000cb6        0x0 C:/avr/bin/../lib/gcc/avr/14.1.0/../../../../avr/lib/avr5\libc.a(strcpy.o)
 .text          0x00000cb6        0x0 C:/avr/bin/../lib/gcc/avr/14.1.0/../../../../avr/lib/avr5\libc.a(memcpy.o)
 .text          0x00000cb6        0x0 C:/avr/bin/../lib/gcc/avr/14.1.0/avr5\libgcc.a(_divmodsi4.o)
 .text          0x00000cb6        0x0 C:/avr/bin/../lib/gcc/avr/14.1.0/avr5\libgcc.a(_negsi2.o)
 .text          0x00000cb6        0x0 C:/avr/bin/../lib/gcc/avr/14.1.0/avr5\libgcc.a(_muluhisi3.o)
 .text          0x00000cb6        0x0 C:/avr/bin/../lib/gcc/avr/14.1.0/avr5\libgcc.a(_mulshisi3.o)
 .text          0x00000cb6        0x0 C:/avr/bin/../lib/gcc/avr/14.1.0/avr5\libgcc.a(_udivmodsi4.o)
 .text          0x00000cb6        0x0 C:/avr/bin/../lib/gcc/avr/14.1.0/avr5\libgcc.a(_umulhisi3.o)
                0x00000cb6                        . = ALIGN (0x2)
 *(.text.*)
 .text.startup  0x00000cb6       0x76 bin/debug/main.o
                0x00000cb6                main
 .text.libgcc.mul
                0x00000d2c        0x0 C:/avr/bin/../lib/gcc/avr/14.1.0/avr5\libgcc.a(_divmodhi4.o)
 .text.libgcc.div
                0x00000d2c       0x28 C:/avr/bin/../lib/gcc/avr/14.1.0/avr5\libgcc.a(_divmodhi4.o)
                0x00000d2c                _div
                0x00000d2c                __divmodhi4
 .text.libgcc   0x00000d54        0x0 C:/avr/bin/../lib/gcc/avr/14.1.0/avr5\libgcc.a(_divmodhi4.o)
 .text.libgcc.prologue
                0x00000d54        0x0 C:/avr/bin/../lib/gcc/avr/14.1.0/avr5\libgcc.a(_divmodhi4.o)
 .text.libgcc.builtins
                0x00000d54        0x0 C:/avr/bin/../lib/gcc/avr/14.1.0/avr5\libgcc.a(_divmodhi4.o)
 .text.libgcc.fmul
                0x00000d54        0x0 C:/avr/bin/../lib/gcc/avr/14.1.0/avr5\libgcc.a(_divmodhi4.o)
 .text.libgcc.fixed
                0x00000d54        0x0 C:/avr/bin/../lib/gcc/avr/14.1.0/avr5\libgcc.a(_divmodhi4.o)
 .text.libgcc.mul
                0x00000d54        0x0 C:/avr/bin/../lib/gcc/avr/14.1.0/avr5\libgcc.a(_exit.o)
 .text.libgcc.div
                0x00000d54        0x0 C:/avr/bin/../lib/gcc/avr/14.1.0/avr5\libgcc.a(_exit.o)
 .text.libgcc   0x00000d54        0x0 C:/avr/bin/../lib/gcc/avr/14.1.0/avr5\libgcc.a(_exit.o)
 .text.libgcc.prologue
                0x00000d54        0x0 C:/avr/bin/../lib/gcc/avr/14.1.0/avr5\libgcc.a(_exit.o)
 .text.libgcc.builtins
                0x00000d54        0x0 C:/avr/bin/../lib/gcc/avr/14.1.0/avr5\libgcc.a(_exit.o)
 .text.libgcc.fmul
                0x00000d54        0x0 C:/avr/bin/../lib/gcc/avr/14.1.0/avr5\libgcc.a(_exit.o)
 .text.libgcc.fixed
                0x00000d54        0x0 C:/avr/bin/../lib/gcc/avr/14.1.0/avr5\libgcc.a(_exit.o)
 .text.libgcc.mul
                0x00000d54        0x0 C:/avr/bin/../lib/gcc/avr/14.1.0/avr5\libgcc.a(_copy_data.o)
 .text.libgcc.div
                0x00000d54        0x0 C:/avr/bin/../lib/gcc/avr/14.1.0/avr5\libgcc.a(_copy_data.o)
 .text.libgcc   0x00000d54        0x0 C:/avr/bin/../lib/gcc/avr/14.1.0/avr5\libgcc.a(_copy_data.o)
 .text.libgcc.prologue
                0x00000d54        0x0 C:/avr/bin/../lib/gcc/avr/14.1.0/avr5\libgcc.a(_copy_data.o)
 .text.libgcc.builtins
                0x00000d54        0x0 C:/avr/bin/../lib/gcc/avr/14.1.0/avr5\libgcc.a(_copy_data.o)
 .text.libgcc.fmul
                0x00000d54        0x0 C:/avr/bin/../lib/gcc/avr/14.1.0/avr5\libgcc.a(_copy_data.o)
 .text.libgcc.fixed
                0x00000d54        0x0 C:/avr/bin/../lib/gcc/avr/14.1.0/avr5\libgcc.a(_copy_data.o)
 .text.libgcc.mul
                0x00000d54        0x0 C:/avr/bin/../lib/gcc/avr/14.1.0/avr5\libgcc.a(_udivmodhi4.o)
 .text.libgcc.div
                0x00000d54       0x28 C:/avr/bin/../lib/gcc/avr/14.1.0/avr5\libgcc.a(_udivmodhi4.o)
                0x00000d54                __udivmodhi4
 .text.libgcc   0x00000d7c        0x0 C:/avr/bin/../lib/gcc/avr/14.1.0/avr5\libgcc.a(_udivmodhi4.o)
 .text.libgcc.prologue
                0x00000d7c        0x0 C:/avr/bin/../lib/gcc/avr/14.1.0/avr5\libgcc.a(_udivmodhi4.o)
 .text.libgcc.builtins
                0x00000d7c        0x0 C:/avr/bin/../lib/gcc/avr/14.1.0/avr5\libgcc.a(_udivmodhi4.o)
 .text.libgcc.fmul
                0x00000d7c        0x0 C:/avr/bin/../lib/gcc/avr/14.1.0/avr5\libgcc.a(_udivmodhi4.o)
 .text.libgcc.fixed
                0x00000d7c        0x0 C:/avr/bin/../lib/gcc/avr/14.1.0/avr5\libgcc.a(_udivmodhi4.o)
 .text.avr-libc
                0x00000d7c       0xb8 C:/avr/bin/../lib/gcc/avr/14.1.0/../../../../avr/lib/avr5\libc.a(rand.o)
                0x00000e0e                rand_r
                0x00000e14                rand
                0x00000e1e                srand
 .text.avr-libc
                0x00000e34       0x24 C:/avr/bin/../lib/gcc/avr/14.1.0/../../../../avr/lib/avr5\libc.a(memmove.o)
                0x00000e34                memmove
 .text.avr-libc
                0x00000e58       0x12 C:/avr/bin/../lib/gcc/avr/14.1.0/../../../../avr/lib/avr5\libc.a(strcmp.o)
                0x00000e58                strcmp
 .text.avr-libc
                0x00000e6a        0xe C:/avr/bin/../lib/gcc/avr/14.1.0/../../../../avr/lib/avr5\libc.a(strcpy.o)
                0x00000e6a                strcpy
 .text.avr-libc
                0x00000e78       0x12 C:/avr/bin/../lib/gcc/avr/14.1.0/../../../../avr/lib/avr5\libc.a(memcpy.o)
                0x00000e78                memcpy
 .text.libgcc.mul
                0x00000e8a        0x0 C:/avr/bin/../lib/gcc/avr/14.1.0/avr5\libgcc.a(_divmodsi4.o)
 .text.libgcc.div
                0x00000e8a       0x2e C:/avr/bin/../lib/gcc/avr/14.1.0/avr5\libgcc.a(_divmodsi4.o)
                0x00000e8a                __divmodsi4
 .text.libgcc   0x00000eb8        0x0 C:/avr/bin/../lib/gcc/avr/14.1.0/avr5\libgcc.a(_divmodsi4.o)
 .text.libgcc.prologue
                0x00000eb8        0x0 C:/avr/bin/../lib/gcc/avr/14.1.0/avr5\libgcc.a(_divmodsi4.o)
 .text.libgcc.builtins
                0x00000eb8        0x0 C:/avr/bin/../lib/gcc/avr/14.1.0/avr5\libgcc.a(_divmodsi4.o)
 .text.libgcc.fmul
                0x00000eb8        0x0 C:/avr/bin/../lib/gcc/avr/14.1.0/avr5\libgcc.a(_divmodsi4.o)
 .text.libgcc.fixed
                0x00000eb8        0x0 C:/avr/bin/../lib/gcc/avr/14.1.0/avr5\libgcc.a(_divmodsi4.o)
 .text.libgcc.mul
                0x00000eb8        0x0 C:/avr/bin/../lib/gcc/avr/14.1.0/avr5\libgcc.a(_negsi2.o)
 .text.libgcc.div
                0x00000eb8       0x10 C:/avr/bin/../lib/gcc/avr/14.1.0/avr5\libgcc.a(_negsi2.o)
                0x00000eb8                __negsi2
 .text.libgcc   0x00000ec8        0x0 C:/avr/bin/../lib/gcc/avr/14.1.0/avr5\libgcc.a(_negsi2.o)
 .text.libgcc.prologue
                0x00000ec8        0x0 C:/avr/bin/../lib/gcc/avr/14.1.0/avr5\libgcc.a(_negsi2.o)
 .text.libgcc.builtins
                0x00000ec8        0x0 C:/avr/bin/../lib/gcc/avr/14.1.0/avr5\libgcc.a(_negsi2.o)
 .text.libgcc.fmul
                0x00000ec8        0x0 C:/avr/bin/../lib/gcc/avr/14.1.0/avr5\libgcc.a(_negsi2.o)
 .text.libgcc.fixed
                0x00000ec8        0x0 C:/avr/bin/../lib/gcc/avr/14.1.0/avr5\libgcc.a(_negsi2.o)
 .text.libgcc.mul
                0x00000ec8       0x16 C:/avr/bin/../lib/gcc/avr/14.1.0/avr5\libgcc.a(_muluhisi3.o)
                0x00000ec8                __muluhisi3
 .text.libgcc.div
                0x00000ede        0x0 C:/avr/bin/../lib/gcc/avr/14.1.0/avr5\libgcc.a(_muluhisi3.o)
 .text.libgcc   0x00000ede        0x0 C:/avr/bin/../lib/gcc/avr/14.1.0/avr5\libgcc.a(_muluhisi3.o)
 .text.libgcc.prologue
                0x00000ede        0x0 C:/avr/bin/../lib/gcc/avr/14.1.0/avr5\libgcc.a(_muluhisi3.o)
 .text.libgcc.builtins
                0x00000ede        0x0 C:/avr/bin/../lib/gcc/avr/14.1.0/avr5\libgcc.a(_muluhisi3.o)
 .text.libgcc.fmul
                0x00000ede        0x0 C:/avr/bin/../lib/gcc/avr/14.1.0/avr5\libgcc.a(_muluhisi3.o)
 .text.libgcc.fixed
                0x00000ede        0x0 C:/avr/bin/../lib/gcc/avr/14.1.0/avr5\libgcc.a(_muluhisi3.o)
 .text.libgcc.mul
                0x00000ede       0x10 C:/avr/bin/../lib/gcc/avr/14.1.0/avr5\libgcc.a(_mulshisi3.o)
                0x00000ede                __mulshisi3
                0x00000ee4                __mulohisi3
 .text.libgcc.div
                0x00000eee        0x0 C:/avr/bin/../lib/gcc/avr/14.1.0/avr5\libgcc.a(_mulshisi3.o)
 .text.libgcc   0x00000eee        0x0 C:/avr/bin/../lib/gcc/avr/14.1.0/avr5\libgcc.a(_mulshisi3.o)
 .text.libgcc.prologue
                0x00000eee        0x0 C:/avr/bin/../lib/gcc/avr/14.1.0/avr5\libgcc.a(_mulshisi3.o)
 .text.libgcc.builtins
                0x00000eee        0x0 C:/avr/bin/../lib/gcc/avr/14.1.0/avr5\libgcc.a(_mulshisi3.o)
 .text.libgcc.fmul
                0x00000eee        0x0 C:/avr/bin/../lib/gcc/avr/14.1.0/avr5\libgcc.a(_mulshisi3.o)
 .text.libgcc.fixed
                0x00000eee        0x0 C:/avr/bin/../lib/gcc/avr/14.1.0/avr5\libgcc.a(_mulshisi3.o)
 .text.libgcc.mul
                0x00000eee        0x0 C:/avr/bin/../lib/gcc/avr/14.1.0/avr5\libgcc.a(_udivmodsi4.o)
 .text.libgcc.div
                0x00000eee       0x44 C:/avr/bin/../lib/gcc/avr/14.1.0/avr5\libgcc.a(_udivmodsi4.o)
                0x00000eee                __udivmodsi4
 .text.libgcc   0x00000f32        0x0 C:/avr/bin/../lib/gcc/avr/14.1.0/avr5\libgcc.a(_udivmodsi4.o)
 .text.libgcc.prologue
                0x00000f32        0x0 C:/avr/bin/../lib/gcc/avr/14.1.0/avr5\libgcc.a(_udivmodsi4.o)
 .text.libgcc.builtins
                0x00000f32        0x0 C:/avr/bin/../lib/gcc/avr/14.1.0/avr5\libgcc.a(_udivmodsi4.o)
 .text.libgcc.fmul
                0x00000f32        0x0 C:/avr/bin/../lib/gcc/avr/14.1.0/avr5\libgcc.a(_udivmodsi4.o)
 .text.libgcc.fixed
                0x00000f32        0x0 C:/avr/bin/../lib/gcc/avr/14.1.0/avr5\libgcc.a(_udivmodsi4.o)
 .text.libgcc.mul
                0x00000f32       0x1e C:/avr/bin/../lib/gcc/avr/14.1.0/avr5\libgcc.a(_umulhisi3.o)
                0x00000f32                __umulhisi3
 .text.libgcc.div
                0x00000f50        0x0 C:/avr/bin/../lib/gcc/avr/14.1.0/avr5\libgcc.a(_umulhisi3.o)
 .text.libgcc   0x00000f50        0x0 C:/avr/bin/../lib/gcc/avr/14.1.0/avr5\libgcc.a(_umulhisi3.o)
 .text.libgcc.prologue
                0x00000f50        0x0 C:/avr/bin/../lib/gcc/avr/14.1.0/avr5\libgcc.a(_umulhisi3.o)
 .text.libgcc.builtins
                0x00000f50        0x0 C:/avr/bin/../lib/gcc/avr/14.1.0/avr5\libgcc.a(_umulhisi3.o)
 .text.libgcc.fmul
                0x00000f50        0x0 C:/avr/bin/../lib/gcc/avr/14.1.0/avr5\libgcc.a(_umulhisi3.o)
 .text.libgcc.fixed
                0x00000f50        0x0 C:/avr/bin/../lib/gcc/avr/14.1.0/avr5\libgcc.a(_umulhisi3.o)
                0x00000f50                        . = ALIGN (0x2)
 *(.fini9)
 .fini9         0x00000f50        0x0 C:/avr/bin/../lib/gcc/avr/14.1.0/avr5\libgcc.a(_exit.o)
                0x00000f50                _exit
                0x00000f50                exit
 *(.fini9)
 *(.fini8)
 *(.fini8)
 *(.fini7)
 *(.fini7)
 *(.fini6)
 *(.fini6)
 *(.fini5)
 *(.fini5)
 *(.fini4)
 *(.fini4)
 *(.fini3)
 *(.fini3)
 *(.fini2)
 *(.fini2)
 *(.fini1)
 *(.fini1)
 *(.fini0)
 .fini0         0x00000f50        0x4 C:/avr/bin/../lib/gcc/avr/14.1.0/avr5\libgcc.a(_exit.o)
 *(.fini0)
 *(.hightext)
 *(.hightext*)
 *(.progmemx.*)
                0x00000f54                        . = ALIGN (0x2)
 *(.jumptables)
 *(.jumptables*)
                0x00000f54                        _etext = .

.data           0x00800100      0x302 load address 0x00000f54
                0x00800100                        PROVIDE (__data_start = .)
 *(.data)
 .data          0x00800100        0x0 C:/avr/bin/../lib/gcc/avr/14.1.0/../../../../avr/lib/avr5/crtatmega328p.o
 .data          0x00800100        0x0 bin/debug/main.o
 .data          0x00800100        0x0 bin/debug/src/adChooser.o
 .data          0x00800100        0x0 bin/debug/src/company.o
 .data          0x00800100        0x0 bin/debug/src/lcd.o
 .data          0x00800100        0x0 bin/debug/src/message.o
 .data          0x00800100        0x0 bin/debug/src/messages.o
 .data          0x00800100        0x0 bin/debug/src/utils.o
 .data          0x00800100        0x0 bin/debug/src/character.o
 .data          0x00800100        0x0 C:/avr/bin/../lib/gcc/avr/14.1.0/avr5\libgcc.a(_divmodhi4.o)
 .data          0x00800100        0x0 C:/avr/bin/../lib/gcc/avr/14.1.0/avr5\libgcc.a(_exit.o)
 .data          0x00800100        0x0 C:/avr/bin/../lib/gcc/avr/14.1.0/avr5\libgcc.a(_copy_data.o)
 .data          0x00800100        0x0 C:/avr/bin/../lib/gcc/avr/14.1.0/avr5\libgcc.a(_udivmodhi4.o)
 .data          0x00800100        0x4 C:/avr/bin/../lib/gcc/avr/14.1.0/../../../../avr/lib/avr5\libc.a(rand.o)
 .data          0x00800104        0x0 C:/avr/bin/../lib/gcc/avr/14.1.0/../../../../avr/lib/avr5\libc.a(memmove.o)
 .data          0x00800104        0x0 C:/avr/bin/../lib/gcc/avr/14.1.0/../../../../avr/lib/avr5\libc.a(strcmp.o)
 .data          0x00800104        0x0 C:/avr/bin/../lib/gcc/avr/14.1.0/../../../../avr/lib/avr5\libc.a(strcpy.o)
 .data          0x00800104        0x0 C:/avr/bin/../lib/gcc/avr/14.1.0/../../../../avr/lib/avr5\libc.a(memcpy.o)
 .data          0x00800104        0x0 C:/avr/bin/../lib/gcc/avr/14.1.0/avr5\libgcc.a(_divmodsi4.o)
 .data          0x00800104        0x0 C:/avr/bin/../lib/gcc/avr/14.1.0/avr5\libgcc.a(_negsi2.o)
 .data          0x00800104        0x0 C:/avr/bin/../lib/gcc/avr/14.1.0/avr5\libgcc.a(_muluhisi3.o)
 .data          0x00800104        0x0 C:/avr/bin/../lib/gcc/avr/14.1.0/avr5\libgcc.a(_mulshisi3.o)
 .data          0x00800104        0x0 C:/avr/bin/../lib/gcc/avr/14.1.0/avr5\libgcc.a(_udivmodsi4.o)
 .data          0x00800104        0x0 C:/avr/bin/../lib/gcc/avr/14.1.0/avr5\libgcc.a(_umulhisi3.o)
 *(.data*)
 *(.gnu.linkonce.d*)
 *(.rodata)
 .rodata        0x00800104      0x2c2 bin/debug/src/company.o
 .rodata        0x008003c6       0x18 bin/debug/src/lcd.o
 *(.rodata*)
 .rodata.str1.1
                0x008003de       0x24 bin/debug/src/company.o
                                  0x8 (size before relaxing)
 .rodata.str1.1
                0x00800402        0x9 bin/debug/src/lcd.o
 .rodata.str1.1
                0x00800402       0x13 bin/debug/src/message.o
 *(.gnu.linkonce.r*)
                0x00800416                        . = ALIGN (0x2)
                0x00800402                        _edata = .
                0x00800402                        PROVIDE (__data_end = .)

.bss            0x00800402        0x0
                [!provide]                        PROVIDE (__bss_start = .)
 *(.bss)
 .bss           0x00800402        0x0 C:/avr/bin/../lib/gcc/avr/14.1.0/../../../../avr/lib/avr5/crtatmega328p.o
 .bss           0x00800402        0x0 bin/debug/main.o
 .bss           0x00800402        0x0 bin/debug/src/adChooser.o
 .bss           0x00800402        0x0 bin/debug/src/company.o
 .bss           0x00800402        0x0 bin/debug/src/lcd.o
 .bss           0x00800402        0x0 bin/debug/src/message.o
 .bss           0x00800402        0x0 bin/debug/src/messages.o
 .bss           0x00800402        0x0 bin/debug/src/utils.o
 .bss           0x00800402        0x0 bin/debug/src/character.o
 .bss           0x00800402        0x0 C:/avr/bin/../lib/gcc/avr/14.1.0/avr5\libgcc.a(_divmodhi4.o)
 .bss           0x00800402        0x0 C:/avr/bin/../lib/gcc/avr/14.1.0/avr5\libgcc.a(_exit.o)
 .bss           0x00800402        0x0 C:/avr/bin/../lib/gcc/avr/14.1.0/avr5\libgcc.a(_copy_data.o)
 .bss           0x00800402        0x0 C:/avr/bin/../lib/gcc/avr/14.1.0/avr5\libgcc.a(_udivmodhi4.o)
 .bss           0x00800402        0x0 C:/avr/bin/../lib/gcc/avr/14.1.0/../../../../avr/lib/avr5\libc.a(rand.o)
 .bss           0x00800402        0x0 C:/avr/bin/../lib/gcc/avr/14.1.0/../../../../avr/lib/avr5\libc.a(memmove.o)
 .bss           0x00800402        0x0 C:/avr/bin/../lib/gcc/avr/14.1.0/../../../../avr/lib/avr5\libc.a(strcmp.o)
 .bss           0x00800402        0x0 C:/avr/bin/../lib/gcc/avr/14.1.0/../../../../avr/lib/avr5\libc.a(strcpy.o)
 .bss           0x00800402        0x0 C:/avr/bin/../lib/gcc/avr/14.1.0/../../../../avr/lib/avr5\libc.a(memcpy.o)
 .bss           0x00800402        0x0 C:/avr/bin/../lib/gcc/avr/14.1.0/avr5\libgcc.a(_divmodsi4.o)
 .bss           0x00800402        0x0 C:/avr/bin/../lib/gcc/avr/14.1.0/avr5\libgcc.a(_negsi2.o)
 .bss           0x00800402        0x0 C:/avr/bin/../lib/gcc/avr/14.1.0/avr5\libgcc.a(_muluhisi3.o)
 .bss           0x00800402        0x0 C:/avr/bin/../lib/gcc/avr/14.1.0/avr5\libgcc.a(_mulshisi3.o)
 .bss           0x00800402        0x0 C:/avr/bin/../lib/gcc/avr/14.1.0/avr5\libgcc.a(_udivmodsi4.o)
 .bss           0x00800402        0x0 C:/avr/bin/../lib/gcc/avr/14.1.0/avr5\libgcc.a(_umulhisi3.o)
 *(.bss*)
 *(COMMON)
                [!provide]                        PROVIDE (__bss_end = .)
                0x00000f54                        __data_load_start = LOADADDR (.data)
                0x00001256                        __data_load_end = (__data_load_start + SIZEOF (.data))

.noinit         0x00800402        0x0
                [!provide]                        PROVIDE (__noinit_start = .)
 *(.noinit .noinit.* .gnu.linkonce.n.*)
                [!provide]                        PROVIDE (__noinit_end = .)
                0x00800402                        _end = .
                [!provide]                        PROVIDE (__heap_start = .)
                [!provide]                        PROVIDE (__flmap_init_label = DEFINED (__flmap_noinit_start)?__flmap_noinit_start:0x0)
                [!provide]                        PROVIDE (__flmap = DEFINED (__flmap)?__flmap:0x0)

.eeprom         0x00810000        0x0
 *(.eeprom*)
                0x00810000                        __eeprom_end = .

.fuse
 *(.fuse)
 *(.lfuse)
 *(.hfuse)
 *(.efuse)

.lock
 *(.lock*)

.signature
 *(.signature*)

.stab
 *(.stab)

.stabstr
 *(.stabstr)

.stab.excl
 *(.stab.excl)

.stab.exclstr
 *(.stab.exclstr)

.stab.index
 *(.stab.index)

.stab.indexstr
 *(.stab.indexstr)

.comment        0x00000000       0x12
 *(.comment)
 .comment       0x00000000       0x12 bin/debug/main.o
                                 0x13 (size before relaxing)
 .comment       0x00000012       0x13 bin/debug/src/adChooser.o
 .comment       0x00000012       0x13 bin/debug/src/company.o
 .comment       0x00000012       0x13 bin/debug/src/lcd.o
 .comment       0x00000012       0x13 bin/debug/src/message.o
 .comment       0x00000012       0x13 bin/debug/src/messages.o
 .comment       0x00000012       0x13 bin/debug/src/utils.o
 .comment       0x00000012       0x13 bin/debug/src/character.o
 .comment       0x00000012       0x13 C:/avr/bin/../lib/gcc/avr/14.1.0/../../../../avr/lib/avr5\libc.a(rand.o)

.note.gnu.avr.deviceinfo
                0x00000000       0x40
 .note.gnu.avr.deviceinfo
                0x00000000       0x40 C:/avr/bin/../lib/gcc/avr/14.1.0/../../../../avr/lib/avr5/crtatmega328p.o

.gnu.build.attributes
 *(.gnu.build.attributes .gnu.build.attributes.*)

.note.gnu.build-id
 *(.note.gnu.build-id)

.debug
 *(.debug)

.line
 *(.line)

.debug_srcinfo
 *(.debug_srcinfo)

.debug_sfnames
 *(.debug_sfnames)

.debug_aranges  0x00000000      0x140
 *(.debug_aranges)
 .debug_aranges
                0x00000000       0x20 C:/avr/bin/../lib/gcc/avr/14.1.0/avr5\libgcc.a(_divmodhi4.o)
 .debug_aranges
                0x00000020       0x20 C:/avr/bin/../lib/gcc/avr/14.1.0/avr5\libgcc.a(_exit.o)
 .debug_aranges
                0x00000040       0x20 C:/avr/bin/../lib/gcc/avr/14.1.0/avr5\libgcc.a(_copy_data.o)
 .debug_aranges
                0x00000060       0x20 C:/avr/bin/../lib/gcc/avr/14.1.0/avr5\libgcc.a(_udivmodhi4.o)
 .debug_aranges
                0x00000080       0x20 C:/avr/bin/../lib/gcc/avr/14.1.0/avr5\libgcc.a(_divmodsi4.o)
 .debug_aranges
                0x000000a0       0x20 C:/avr/bin/../lib/gcc/avr/14.1.0/avr5\libgcc.a(_negsi2.o)
 .debug_aranges
                0x000000c0       0x20 C:/avr/bin/../lib/gcc/avr/14.1.0/avr5\libgcc.a(_muluhisi3.o)
 .debug_aranges
                0x000000e0       0x20 C:/avr/bin/../lib/gcc/avr/14.1.0/avr5\libgcc.a(_mulshisi3.o)
 .debug_aranges
                0x00000100       0x20 C:/avr/bin/../lib/gcc/avr/14.1.0/avr5\libgcc.a(_udivmodsi4.o)
 .debug_aranges
                0x00000120       0x20 C:/avr/bin/../lib/gcc/avr/14.1.0/avr5\libgcc.a(_umulhisi3.o)

.debug_pubnames
 *(.debug_pubnames)

.debug_info     0x00000000      0x75c
 *(.debug_info .gnu.linkonce.wi.*)
 .debug_info    0x00000000      0x5f4 C:/avr/bin/../lib/gcc/avr/14.1.0/../../../../avr/lib/avr5/crtatmega328p.o
 .debug_info    0x000005f4       0x24 C:/avr/bin/../lib/gcc/avr/14.1.0/avr5\libgcc.a(_divmodhi4.o)
 .debug_info    0x00000618       0x24 C:/avr/bin/../lib/gcc/avr/14.1.0/avr5\libgcc.a(_exit.o)
 .debug_info    0x0000063c       0x24 C:/avr/bin/../lib/gcc/avr/14.1.0/avr5\libgcc.a(_copy_data.o)
 .debug_info    0x00000660       0x24 C:/avr/bin/../lib/gcc/avr/14.1.0/avr5\libgcc.a(_udivmodhi4.o)
 .debug_info    0x00000684       0x24 C:/avr/bin/../lib/gcc/avr/14.1.0/avr5\libgcc.a(_divmodsi4.o)
 .debug_info    0x000006a8       0x24 C:/avr/bin/../lib/gcc/avr/14.1.0/avr5\libgcc.a(_negsi2.o)
 .debug_info    0x000006cc       0x24 C:/avr/bin/../lib/gcc/avr/14.1.0/avr5\libgcc.a(_muluhisi3.o)
 .debug_info    0x000006f0       0x24 C:/avr/bin/../lib/gcc/avr/14.1.0/avr5\libgcc.a(_mulshisi3.o)
 .debug_info    0x00000714       0x24 C:/avr/bin/../lib/gcc/avr/14.1.0/avr5\libgcc.a(_udivmodsi4.o)
 .debug_info    0x00000738       0x24 C:/avr/bin/../lib/gcc/avr/14.1.0/avr5\libgcc.a(_umulhisi3.o)

.debug_abbrev   0x00000000      0x66a
 *(.debug_abbrev)
 .debug_abbrev  0x00000000      0x5a2 C:/avr/bin/../lib/gcc/avr/14.1.0/../../../../avr/lib/avr5/crtatmega328p.o
 .debug_abbrev  0x000005a2       0x14 C:/avr/bin/../lib/gcc/avr/14.1.0/avr5\libgcc.a(_divmodhi4.o)
 .debug_abbrev  0x000005b6       0x14 C:/avr/bin/../lib/gcc/avr/14.1.0/avr5\libgcc.a(_exit.o)
 .debug_abbrev  0x000005ca       0x14 C:/avr/bin/../lib/gcc/avr/14.1.0/avr5\libgcc.a(_copy_data.o)
 .debug_abbrev  0x000005de       0x14 C:/avr/bin/../lib/gcc/avr/14.1.0/avr5\libgcc.a(_udivmodhi4.o)
 .debug_abbrev  0x000005f2       0x14 C:/avr/bin/../lib/gcc/avr/14.1.0/avr5\libgcc.a(_divmodsi4.o)
 .debug_abbrev  0x00000606       0x14 C:/avr/bin/../lib/gcc/avr/14.1.0/avr5\libgcc.a(_negsi2.o)
 .debug_abbrev  0x0000061a       0x14 C:/avr/bin/../lib/gcc/avr/14.1.0/avr5\libgcc.a(_muluhisi3.o)
 .debug_abbrev  0x0000062e       0x14 C:/avr/bin/../lib/gcc/avr/14.1.0/avr5\libgcc.a(_mulshisi3.o)
 .debug_abbrev  0x00000642       0x14 C:/avr/bin/../lib/gcc/avr/14.1.0/avr5\libgcc.a(_udivmodsi4.o)
 .debug_abbrev  0x00000656       0x14 C:/avr/bin/../lib/gcc/avr/14.1.0/avr5\libgcc.a(_umulhisi3.o)

.debug_line     0x00000000      0x611
 *(.debug_line .debug_line.* .debug_line_end)
 .debug_line    0x00000000       0x1d C:/avr/bin/../lib/gcc/avr/14.1.0/../../../../avr/lib/avr5/crtatmega328p.o
 .debug_line    0x0000001d       0xb7 C:/avr/bin/../lib/gcc/avr/14.1.0/avr5\libgcc.a(_divmodhi4.o)
 .debug_line    0x000000d4       0x51 C:/avr/bin/../lib/gcc/avr/14.1.0/avr5\libgcc.a(_exit.o)
 .debug_line    0x00000125       0x87 C:/avr/bin/../lib/gcc/avr/14.1.0/avr5\libgcc.a(_copy_data.o)
 .debug_line    0x000001ac       0xbd C:/avr/bin/../lib/gcc/avr/14.1.0/avr5\libgcc.a(_udivmodhi4.o)
 .debug_line    0x00000269       0xbd C:/avr/bin/../lib/gcc/avr/14.1.0/avr5\libgcc.a(_divmodsi4.o)
 .debug_line    0x00000326       0x51 C:/avr/bin/../lib/gcc/avr/14.1.0/avr5\libgcc.a(_negsi2.o)
 .debug_line    0x00000377       0x81 C:/avr/bin/../lib/gcc/avr/14.1.0/avr5\libgcc.a(_muluhisi3.o)
 .debug_line    0x000003f8       0x69 C:/avr/bin/../lib/gcc/avr/14.1.0/avr5\libgcc.a(_mulshisi3.o)
 .debug_line    0x00000461      0x111 C:/avr/bin/../lib/gcc/avr/14.1.0/avr5\libgcc.a(_udivmodsi4.o)
 .debug_line    0x00000572       0x9f C:/avr/bin/../lib/gcc/avr/14.1.0/avr5\libgcc.a(_umulhisi3.o)

.debug_frame
 *(.debug_frame)

.debug_str      0x00000000      0x270
 *(.debug_str)
 .debug_str     0x00000000      0x208 C:/avr/bin/../lib/gcc/avr/14.1.0/../../../../avr/lib/avr5/crtatmega328p.o
 .debug_str     0x00000208       0x68 C:/avr/bin/../lib/gcc/avr/14.1.0/avr5\libgcc.a(_divmodhi4.o)
 .debug_str     0x00000270       0x68 C:/avr/bin/../lib/gcc/avr/14.1.0/avr5\libgcc.a(_exit.o)
 .debug_str     0x00000270       0x68 C:/avr/bin/../lib/gcc/avr/14.1.0/avr5\libgcc.a(_copy_data.o)
 .debug_str     0x00000270       0x68 C:/avr/bin/../lib/gcc/avr/14.1.0/avr5\libgcc.a(_udivmodhi4.o)
 .debug_str     0x00000270       0x68 C:/avr/bin/../lib/gcc/avr/14.1.0/avr5\libgcc.a(_divmodsi4.o)
 .debug_str     0x00000270       0x68 C:/avr/bin/../lib/gcc/avr/14.1.0/avr5\libgcc.a(_negsi2.o)
 .debug_str     0x00000270       0x68 C:/avr/bin/../lib/gcc/avr/14.1.0/avr5\libgcc.a(_muluhisi3.o)
 .debug_str     0x00000270       0x68 C:/avr/bin/../lib/gcc/avr/14.1.0/avr5\libgcc.a(_mulshisi3.o)
 .debug_str     0x00000270       0x68 C:/avr/bin/../lib/gcc/avr/14.1.0/avr5\libgcc.a(_udivmodsi4.o)
 .debug_str     0x00000270       0x68 C:/avr/bin/../lib/gcc/avr/14.1.0/avr5\libgcc.a(_umulhisi3.o)

.debug_loc
 *(.debug_loc)

.debug_macinfo
 *(.debug_macinfo)

.debug_weaknames
 *(.debug_weaknames)

.debug_funcnames
 *(.debug_funcnames)

.debug_typenames
 *(.debug_typenames)

.debug_varnames
 *(.debug_varnames)

.debug_pubtypes
 *(.debug_pubtypes)

.debug_ranges
 *(.debug_ranges)

.debug_addr
 *(.debug_addr)

.debug_line_str
                0x00000000       0x5c
 *(.debug_line_str)
 .debug_line_str
                0x00000000       0x5c C:/avr/bin/../lib/gcc/avr/14.1.0/avr5\libgcc.a(_divmodhi4.o)
 .debug_line_str
                0x0000005c       0x5c C:/avr/bin/../lib/gcc/avr/14.1.0/avr5\libgcc.a(_exit.o)
 .debug_line_str
                0x0000005c       0x5c C:/avr/bin/../lib/gcc/avr/14.1.0/avr5\libgcc.a(_copy_data.o)
 .debug_line_str
                0x0000005c       0x5c C:/avr/bin/../lib/gcc/avr/14.1.0/avr5\libgcc.a(_udivmodhi4.o)
 .debug_line_str
                0x0000005c       0x5c C:/avr/bin/../lib/gcc/avr/14.1.0/avr5\libgcc.a(_divmodsi4.o)
 .debug_line_str
                0x0000005c       0x5c C:/avr/bin/../lib/gcc/avr/14.1.0/avr5\libgcc.a(_negsi2.o)
 .debug_line_str
                0x0000005c       0x5c C:/avr/bin/../lib/gcc/avr/14.1.0/avr5\libgcc.a(_muluhisi3.o)
 .debug_line_str
                0x0000005c       0x5c C:/avr/bin/../lib/gcc/avr/14.1.0/avr5\libgcc.a(_mulshisi3.o)
 .debug_line_str
                0x0000005c       0x5c C:/avr/bin/../lib/gcc/avr/14.1.0/avr5\libgcc.a(_udivmodsi4.o)
 .debug_line_str
                0x0000005c       0x5c C:/avr/bin/../lib/gcc/avr/14.1.0/avr5\libgcc.a(_umulhisi3.o)

.debug_loclists
 *(.debug_loclists)

.debug_macro
 *(.debug_macro)

.debug_names
 *(.debug_names)

.debug_rnglists
 *(.debug_rnglists)

.debug_str_offsets
 *(.debug_str_offsets)

.debug_sup
 *(.debug_sup)
OUTPUT(CuperAdCcreen.elf elf32-avr)
LOAD linker stubs
